{"level":"error","message":"Wrong with db","timestamp":"2026-08-01T05:07:06.853Z"}
{"level":"error","message":"Wrong with db","timestamp":"2026-08-01T05:07:39.519Z"}
{"level":"error","message":"roomRepo.addRoom is not a function","timestamp":"2026-08-01T07:16:07.420Z"}
{"level":"error","message":"Wrong with db","timestamp":"2026-08-01T07:17:03.933Z"}
{"level":"error","message":"Wrong with db","timestamp":"2026-08-01T07:17:35.833Z"}
{"level":"error","message":"Wrong with db","timestamp":"2026-08-01T07:20:34.209Z"}
{"level":"error","message":"hotelId is not defined","timestamp":"2026-08-01T07:20:55.583Z"}
{"level":"error","message":"Wrong with db","timestamp":"2026-08-02T05:40:54.674Z"}
{"level":"error","message":"Wrong with db","timestamp":"2026-08-02T05:42:33.651Z"}
{"level":"error","message":"Wrong with db","timestamp":"2026-08-02T05:58:30.709Z"}
{"level":"error","message":"Cannot destructure property 'id' of 'req.body' as it is undefined.","timestamp":"2026-08-02T06:09:11.858Z"}
{"level":"error","message":"Wrong with db","timestamp":"2026-08-02T07:10:51.523Z"}
{"level":"error","message":"er is not defined","timestamp":"2026-08-02T07:11:23.414Z"}
{"level":"error","message":"Wrong with db","timestamp":"2026-08-02T07:11:44.145Z"}
{"level":"error","message":"Wrong with db","timestamp":"2026-08-02T07:12:36.339Z"}
{"level":"error","message":"startDate is not defined","timestamp":"2026-08-02T07:16:34.332Z"}
{"level":"error","message":"startdate is not defined","timestamp":"2026-08-02T07:19:11.347Z"}
{"level":"error","message":"Wrong with db","timestamp":"2026-08-02T07:24:13.129Z"}
{"level":"error","message":"Wrong with db","timestamp":"2026-08-02T07:24:55.899Z"}
{"level":"error","message":"res.clearCookies is not a function","timestamp":"2026-08-05T10:18:59.250Z"}
{"level":"error","message":"Cannot read properties of undefined (reading 'getAll')","timestamp":"2026-08-05T10:54:45.157Z"}
{"level":"error","message":"Wrong with db","timestamp":"2026-08-07T06:06:48.873Z"}
{"level":"error","message":"Wrong with db","timestamp":"2026-08-07T06:07:47.796Z"}
{"level":"error","message":"Wrong with db","timestamp":"2026-08-07T06:14:50.852Z"}
{"level":"error","message":"Wrong with db","timestamp":"2026-08-07T06:15:15.002Z"}
{"level":"error","message":"Wrong with db","timestamp":"2026-08-07T06:15:39.236Z"}
{"level":"error","message":"Wrong with db","timestamp":"2026-08-07T06:21:37.433Z"}
{"level":"error","message":"Wrong with db","timestamp":"2026-08-07T06:22:12.564Z"}
{"level":"error","message":"Wrong with db","timestamp":"2026-08-07T06:32:46.039Z"}
{"level":"error","message":"Wrong with db","timestamp":"2026-08-07T06:33:12.125Z"}
{"level":"error","message":"Wrong with db","timestamp":"2026-08-07T15:17:23.934Z"}
{"level":"error","message":"Wrong with db","timestamp":"2026-08-08T12:48:49.919Z"}
{"level":"error","message":"Wrong with db","timestamp":"2026-08-09T05:47:23.132Z"}
{"level":"error","message":"Wrong with db","timestamp":"2026-08-09T05:47:28.608Z"}
{"level":"error","message":"Wrong with db","timestamp":"2026-08-10T04:18:03.073Z"}
{"level":"error","message":"Wrong with db","timestamp":"2026-08-10T04:30:41.090Z"}
{"level":"error","message":"Wrong with db","timestamp":"2026-08-10T04:32:14.775Z"}
{"level":"error","message":"Wrong with db","timestamp":"2026-08-10T04:33:30.045Z"}
{"level":"error","message":"Wrong with db","timestamp":"2026-08-10T04:38:01.271Z"}
{"level":"error","message":"Wrong with db","timestamp":"2026-08-10T04:40:13.871Z"}
{"level":"error","message":"Wrong with db","timestamp":"2026-08-10T04:40:58.363Z"}
{"level":"error","message":"Wrong with db","timestamp":"2026-08-10T04:44:22.896Z"}
{"level":"error","message":"Wrong with db","timestamp":"2026-08-10T04:46:21.123Z"}
{"level":"error","message":"Wrong with db","timestamp":"2026-08-10T04:47:13.371Z"}
{"level":"error","message":"Wrong with db","timestamp":"2026-08-10T04:48:24.292Z"}
{"level":"error","message":"Wrong with db","timestamp":"2026-08-10T04:49:22.666Z"}
{"level":"error","message":"Wrong with db","timestamp":"2026-08-10T04:50:50.904Z"}
{"level":"error","message":"Wrong with db","timestamp":"2026-08-10T04:51:13.636Z"}
{"level":"error","message":"Wrong with db","timestamp":"2026-08-10T04:52:01.625Z"}
{"level":"error","message":"Wrong with db","timestamp":"2026-08-10T04:52:36.422Z"}
{"level":"error","message":"Wrong with db","timestamp":"2026-08-10T04:52:54.453Z"}
{"level":"error","message":"Wrong with db","timestamp":"2026-08-10T04:54:02.791Z"}
{"level":"error","message":"Wrong with db","timestamp":"2026-08-10T04:54:04.694Z"}
{"level":"error","message":"Wrong with db","timestamp":"2026-08-10T04:54:06.018Z"}
{"level":"error","message":"Wrong with db","timestamp":"2026-08-10T04:54:15.610Z"}
{"level":"error","message":"Wrong with db","timestamp":"2026-08-10T04:55:06.289Z"}
{"level":"error","message":"Wrong with db","timestamp":"2026-08-10T04:55:29.014Z"}
{"level":"error","message":"Wrong with db","timestamp":"2026-08-10T05:25:51.765Z"}
{"level":"error","message":"Wrong with db","timestamp":"2026-08-10T05:26:41.571Z"}
{"level":"error","message":"Wrong with db","timestamp":"2026-08-10T05:28:18.296Z"}
{"level":"error","message":"Wrong with db","timestamp":"2026-08-10T05:30:00.877Z"}
{"level":"error","message":"Wrong with db","timestamp":"2026-08-10T05:31:36.170Z"}
{"level":"error","message":"Wrong with db","timestamp":"2026-08-10T05:31:49.409Z"}
{"level":"error","message":"Wrong with db","timestamp":"2026-08-10T05:32:06.914Z"}
{"level":"error","message":"Wrong with db","timestamp":"2026-08-10T05:32:12.079Z"}
{"level":"error","message":"Wrong with db","timestamp":"2026-08-10T05:33:35.189Z"}
{"level":"error","message":"travel validation failed: city: Path `city` is required.","timestamp":"2026-08-10T05:49:19.241Z"}
{"level":"error","message":"Wrong with db","timestamp":"2026-08-11T04:24:33.911Z"}
{"level":"error","message":"Wrong with db","timestamp":"2026-08-11T04:31:58.788Z"}
{"level":"error","message":"id is not defined","timestamp":"2026-08-11T05:38:08.875Z"}
{"level":"error","message":"Wrong with db","timestamp":"2026-08-11T05:46:22.180Z"}
{"level":"error","message":"Wrong with db","timestamp":"2026-08-11T05:46:45.794Z"}
{"level":"error","message":"Wrong with db","timestamp":"2026-08-11T05:47:47.114Z"}
{"level":"error","message":"Wrong with db","timestamp":"2026-08-11T05:48:28.486Z"}
{"level":"error","message":"Wrong with db","timestamp":"2026-08-11T05:51:17.719Z"}
{"level":"error","message":"Wrong with db","timestamp":"2026-08-11T05:52:21.680Z"}
{"level":"error","message":"Testing 500 error","timestamp":"2026-08-11T06:07:11.732Z"}
{"level":"error","message":"Testing 500 error","timestamp":"2026-08-11T06:08:17.806Z"}
{"level":"error","message":"Error: Testing 500 error\n    at feedbackController.testError (file:///C:/Users/priya/OneDrive%20-%20Climate%20Collective%20Foundation/Desktop/fullstack_practice/hotel_booking/features/guest/contact/contactController.js:49:15)\n    at file:///C:/Users/priya/OneDrive%20-%20Climate%20Collective%20Foundation/Desktop/fullstack_practice/hotel_booking/features/guest/contact/contactRoutes.js:17:25\n    at Layer.handleRequest (C:\\Users\\priya\\OneDrive - Climate Collective Foundation\\Desktop\\fullstack_practice\\hotel_booking\\node_modules\\router\\lib\\layer.js:152:17)\n    at next (C:\\Users\\priya\\OneDrive - Climate Collective Foundation\\Desktop\\fullstack_practice\\hotel_booking\\node_modules\\router\\lib\\route.js:157:13)\n    at Route.dispatch (C:\\Users\\priya\\OneDrive - Climate Collective Foundation\\Desktop\\fullstack_practice\\hotel_booking\\node_modules\\router\\lib\\route.js:117:3)\n    at handle (C:\\Users\\priya\\OneDrive - Climate Collective Foundation\\Desktop\\fullstack_practice\\hotel_booking\\node_modules\\router\\index.js:435:11)\n    at Layer.handleRequest (C:\\Users\\priya\\OneDrive - Climate Collective Foundation\\Desktop\\fullstack_practice\\hotel_booking\\node_modules\\router\\lib\\layer.js:152:17)\n    at C:\\Users\\priya\\OneDrive - Climate Collective Foundation\\Desktop\\fullstack_practice\\hotel_booking\\node_modules\\router\\index.js:295:15\n    at processParams (C:\\Users\\priya\\OneDrive - Climate Collective Foundation\\Desktop\\fullstack_practice\\hotel_booking\\node_modules\\router\\index.js:582:12)\n    at next (C:\\Users\\priya\\OneDrive - Climate Collective Foundation\\Desktop\\fullstack_practice\\hotel_booking\\node_modules\\router\\index.js:291:5)","timestamp":"2026-08-11T06:09:27.105Z"}
{"level":"error","message":"Error: Testing 500 error\n    at feedbackController.testError (file:///C:/Users/priya/OneDrive%20-%20Climate%20Collective%20Foundation/Desktop/fullstack_practice/hotel_booking/features/guest/contact/contactController.js:49:15)\n    at file:///C:/Users/priya/OneDrive%20-%20Climate%20Collective%20Foundation/Desktop/fullstack_practice/hotel_booking/features/guest/contact/contactRoutes.js:17:25\n    at Layer.handleRequest (C:\\Users\\priya\\OneDrive - Climate Collective Foundation\\Desktop\\fullstack_practice\\hotel_booking\\node_modules\\router\\lib\\layer.js:152:17)\n    at next (C:\\Users\\priya\\OneDrive - Climate Collective Foundation\\Desktop\\fullstack_practice\\hotel_booking\\node_modules\\router\\lib\\route.js:157:13)\n    at Route.dispatch (C:\\Users\\priya\\OneDrive - Climate Collective Foundation\\Desktop\\fullstack_practice\\hotel_booking\\node_modules\\router\\lib\\route.js:117:3)\n    at handle (C:\\Users\\priya\\OneDrive - Climate Collective Foundation\\Desktop\\fullstack_practice\\hotel_booking\\node_modules\\router\\index.js:435:11)\n    at Layer.handleRequest (C:\\Users\\priya\\OneDrive - Climate Collective Foundation\\Desktop\\fullstack_practice\\hotel_booking\\node_modules\\router\\lib\\layer.js:152:17)\n    at C:\\Users\\priya\\OneDrive - Climate Collective Foundation\\Desktop\\fullstack_practice\\hotel_booking\\node_modules\\router\\index.js:295:15\n    at processParams (C:\\Users\\priya\\OneDrive - Climate Collective Foundation\\Desktop\\fullstack_practice\\hotel_booking\\node_modules\\router\\index.js:582:12)\n    at next (C:\\Users\\priya\\OneDrive - Climate Collective Foundation\\Desktop\\fullstack_practice\\hotel_booking\\node_modules\\router\\index.js:291:5)","timestamp":"2026-08-11T06:09:27.107Z"}
{"level":"error","message":"Cannot read properties of null (reading '_id')","timestamp":"2026-08-11T06:47:34.240Z"}
{"level":"error","message":"TypeError: Cannot read properties of null (reading '_id')\n    at hotelController.addHotel (file:///C:/Users/priya/OneDrive%20-%20Climate%20Collective%20Foundation/Desktop/fullstack_practice/hotel_booking/features/admin/hotel/hotelController.js:81:37)\n    at process.processTicksAndRejections (node:internal/process/task_queues:103:5)","timestamp":"2026-08-11T06:47:34.244Z"}
{"level":"error","message":"Cannot read properties of null (reading '_id')","timestamp":"2026-08-11T06:49:16.852Z"}
{"level":"error","message":"TypeError: Cannot read properties of null (reading '_id')\n    at hotelController.addHotel (file:///C:/Users/priya/OneDrive%20-%20Climate%20Collective%20Foundation/Desktop/fullstack_practice/hotel_booking/features/admin/hotel/hotelController.js:84:37)\n    at process.processTicksAndRejections (node:internal/process/task_queues:103:5)","timestamp":"2026-08-11T06:49:16.856Z"}
{"level":"error","message":"Cannot read properties of null (reading '_id')","timestamp":"2026-08-11T06:51:46.052Z"}
{"level":"error","message":"TypeError: Cannot read properties of null (reading '_id')\n    at hotelController.addHotel (file:///C:/Users/priya/OneDrive%20-%20Climate%20Collective%20Foundation/Desktop/fullstack_practice/hotel_booking/features/admin/hotel/hotelController.js:86:37)\n    at process.processTicksAndRejections (node:internal/process/task_queues:103:5)","timestamp":"2026-08-11T06:51:46.056Z"}
{"level":"error","message":"Error: Failed to lookup view \"/api/admin/login\" in views directory \"./views\"\n    at app.render (C:\\Users\\priya\\OneDrive - Climate Collective Foundation\\Desktop\\fullstack_practice\\hotel_booking\\node_modules\\express\\lib\\application.js:562:17)\n    at ServerResponse.render (C:\\Users\\priya\\OneDrive - Climate Collective Foundation\\Desktop\\fullstack_practice\\hotel_booking\\node_modules\\express\\lib\\response.js:923:7)\n    at res.render (C:\\Users\\priya\\OneDrive - Climate Collective Foundation\\Desktop\\fullstack_practice\\hotel_booking\\node_modules\\express-ejs-layouts\\lib\\express-layouts.js:77:18)\n    at adminUserController.register (file:///C:/Users/priya/OneDrive%20-%20Climate%20Collective%20Foundation/Desktop/fullstack_practice/hotel_booking/features/admin/adminAuth/adminController.js:64:12)\n    at process.processTicksAndRejections (node:internal/process/task_queues:103:5)","timestamp":"2026-08-11T06:54:56.759Z"}
